// Jest Snapshot v1, https://goo.gl/fbAQLP

exports[`App renders without crashing 1`] = `
<Switch>
  <Route
    component={[Function]}
    path="/planet/:id"
  />
  <Route
    component={[Function]}
    path="/"
  />
</Switch>
`;
